// Vitest Snapshot v1, https://vitest.dev/guide/snapshot.html

exports[`evidence templates (TC-011) > render every §6.5 row (snapshot) 1`] = `
{
  "any.unavailable threw": "Check could not run: TypeError",
  "chain_continuity.flag new_device": "First entry from a new phone; this agent has 14 earlier entries on another phone",
  "chain_continuity.flag out_of_order": "Expected entry 7 after 3f9a1c0b, got entry 9",
  "chain_continuity.ok": "Entry 7 follows entry 6 from this phone",
  "deforestation_overlap.fail": "25.0% of plot area lost since 2021 (hard fail at 10.0%)",
  "deforestation_overlap.flag": "9.5% of plot area lost since 2021 (hard fail at 10.0%)",
  "deforestation_overlap.ok": "0.0% of plot area lost since 2021 (hard fail at 10.0%)",
  "deforestation_overlap.unavailable": "Forest-loss data unavailable: timeout; an admin re-run will retry",
  "exif_gps_agreement.fail": "Photo location 3200 m from phone location (limit 50 m)",
  "exif_gps_agreement.flag": "Photo has no location data",
  "exif_gps_agreement.ok": "Photo location 10 m from phone location (limit 50 m)",
  "exif_time_agreement.fail": "Photo time 2 min from capture time (limit 10 min); phone clock 9 days from server (limit 24 h) (fail over 7 days)",
  "exif_time_agreement.flag gap": "Photo time 3 h from capture time (limit 10 min); phone clock 1 min from server (limit 24 h)",
  "exif_time_agreement.flag no exif": "Photo has no time data; phone clock 3 min from server (limit 24 h)",
  "exif_time_agreement.ok": "Photo time 2 min from capture time (limit 10 min); phone clock 0 min from server (limit 24 h)",
  "geofence.fail": "2400 m outside the plot edge (allowance 25 m)",
  "geofence.flag": "12 m outside the plot edge, within the 20 m GPS allowance",
  "geofence.ok": "Inside the plot, 42 m from the edge",
  "gps_accuracy.fail": "GPS accuracy 150 m (good under 30 m, limit 100 m)",
  "gps_accuracy.flag": "GPS accuracy 60 m (good under 30 m, limit 100 m)",
  "gps_accuracy.ok": "GPS accuracy 8 m (good under 30 m, limit 100 m)",
  "movement_plausibility.fail": "Implied speed 338 km/h from the previous entry 45000 m away 8 min earlier (limit 120 km/h)",
  "movement_plausibility.ok": "Implied speed 0 km/h from the previous entry 100 m away 45 min earlier (limit 120 km/h)",
  "movement_plausibility.ok first": "First entry from this phone",
  "ndvi_cultivation.fail low": "No year-round canopy over 10 clear months: lowest month NDVI 0.21 (needs ≥ 0.50); seasonal swing 0.45 (limit 0.35)",
  "ndvi_cultivation.fail swing": "No year-round canopy over 10 clear months: seasonal swing 0.38 (limit 0.35)",
  "ndvi_cultivation.ok": "Canopy all year: monthly NDVI 0.62–0.81 over 11 clear months (needs ≥ 0.50, swing ≤ 0.35)",
  "ndvi_cultivation.unavailable few months": "Only 4 clear months of satellite data (needs 6)",
  "ndvi_cultivation.unavailable provider": "Satellite NDVI data unavailable: http_500; an admin re-run will retry",
  "ndvi_harvest_window.fail": "Living canopy around the picking date: NDVI 0.22 (needs ≥ 0.45, fail below 0.30)",
  "ndvi_harvest_window.flag": "Living canopy around the picking date: NDVI 0.38 (needs ≥ 0.45)",
  "ndvi_harvest_window.ok": "Living canopy around the picking date: NDVI 0.71 (needs ≥ 0.45)",
  "ndvi_harvest_window.unavailable cloud": "Satellite view blocked by cloud for ±30 days",
  "ndvi_harvest_window.unavailable provider": "Satellite NDVI data unavailable: timeout; an admin re-run will retry",
  "photo_uniqueness.fail": "1 of 3 photos seen before",
  "photo_uniqueness.ok": "3 of 3 photos are new",
  "signature_valid.fail bad_signature": "Signature does not match phone DV-7K2M9Q4D",
  "signature_valid.fail revoked": "Phone DV-7K2M9Q4D was revoked on 2026-10-01",
  "signature_valid.fail unknown_key": "Phone key is not enrolled",
  "signature_valid.ok": "Signed by enrolled phone DV-7K2M9Q4D",
  "yield_plausibility.fail": "Season total 2.50x the reference upper bound (flag above 1.50x, hard fail above 2.00x)",
  "yield_plausibility.flag": "Season total 1.75x the reference upper bound (flag above 1.50x, hard fail above 2.00x)",
  "yield_plausibility.ok": "Season total 0.30x the reference upper bound (flag above 1.50x, hard fail above 2.00x)",
  "yield_plausibility.unavailable": "No yield reference for robusta",
}
`;
